[20:26:07] [main/INFO] (FabricLoader/GameProvider) Loading Minecraft 1.21.1 with Fabric Loader 0.18.6
[20:26:07] [main/INFO] (FabricLoader) Loading 61 mods:
	- better_deco 1.1.2
	- catalogue 1.11.2
	- configured 2.6.3
	- deco_lib 1.1.0
	- fabric-api 0.116.10+1.21.1
	- fabric-api-base 0.4.42+6573ed8c19
	- fabric-api-lookup-api-v1 1.6.72+7b3d111d19
	- fabric-biome-api-v1 13.0.31+d527f9fd19
	- fabric-block-api-v1 1.1.0+0bc3503219
	- fabric-block-view-api-v2 1.0.11+ebb2264e19
	- fabric-blockrenderlayer-v1 1.1.52+0af3f5a719
	- fabric-client-tags-api-v1 1.1.15+6573ed8c19
	- fabric-command-api-v1 1.2.49+f71b366f19
	- fabric-command-api-v2 2.2.28+6ced4dd919
	- fabric-commands-v0 0.2.66+df3654b319
	- fabric-content-registries-v0 8.0.19+b559734419
	- fabric-convention-tags-v1 2.1.7+7f945d5b19
	- fabric-convention-tags-v2 2.12.0+c3656daa19
	- fabric-crash-report-info-v1 0.2.29+0af3f5a719
	- fabric-data-attachment-api-v1 1.4.6+5b36e0f719
	- fabric-data-generation-api-v1 20.2.36+37516cd619
	- fabric-dimensions-v1 4.0.1+65213ef819
	- fabric-entity-events-v1 1.8.0+2b27e0a419
	- fabric-events-interaction-v0 0.7.13+ba9dae0619
	- fabric-game-rule-api-v1 1.0.53+6ced4dd919
	- fabric-gametest-api-v1 2.0.5+6fc22b9919
	- fabric-item-api-v1 11.2.0+3b3cb2e819
	- fabric-item-group-api-v1 4.1.7+def88e3a19
	- fabric-key-binding-api-v1 1.0.47+0af3f5a719
	- fabric-keybindings-v0 0.2.45+df3654b319
	- fabric-lifecycle-events-v1 2.6.0+0865547519
	- fabric-loot-api-v2 3.0.15+3f89f5a519
	- fabric-loot-api-v3 1.0.3+3f89f5a519
	- fabric-message-api-v1 6.0.14+8aaf3aca19
	- fabric-model-loading-api-v1 2.1.0+b4d813fc19
	- fabric-networking-api-v1 4.3.0+c7469b2119
	- fabric-object-builder-api-v1 15.2.1+40875a9319
	- fabric-particles-v1 4.0.2+6573ed8c19
	- fabric-recipe-api-v1 5.0.15+2475392c19
	- fabric-registry-sync-v0 5.3.1+e3eddc2119
	- fabric-renderer-api-v1 3.4.1+b4d813fc19
	- fabric-renderer-indigo 1.7.1+c705a49c19
	- fabric-renderer-registries-v1 3.2.69+df3654b319
	- fabric-rendering-data-attachment-v1 0.3.49+73761d2e19
	- fabric-rendering-fluids-v1 3.1.6+1daea21519
	- fabric-rendering-v0 1.1.72+df3654b319
	- fabric-rendering-v1 5.1.0+ab4c25a019
	- fabric-resource-conditions-api-v1 4.3.0+8dc279b119
	- fabric-resource-loader-v0 1.3.1+5b5275af19
	- fabric-screen-api-v1 2.0.25+8b68f1c719
	- fabric-screen-handler-api-v1 1.3.90+b559734419
	- fabric-sound-api-v1 1.0.23+6573ed8c19
	- fabric-transfer-api-v1 5.4.4+7b3d111d19
	- fabric-transitive-access-wideners-v1 6.2.0+45b9699719
	- fabricloader 0.18.6
	- framework 0.13.18
	- java 21
	- jei 19.27.0.340
	- menulogue 1.21.1-1.0.6
	- minecraft 1.21.1
	- mixinextras 0.5.3
[20:26:08] [main/INFO] (FabricLoader/Mixin) SpongePowered MIXIN Subsystem Version=0.8.7 Source=file:/C:/Users/HP/.gradle/caches/modules-2/files-2.1/net.fabricmc/sponge-mixin/0.17.0+mixin.0.8.7/cf31463202f72d03b0ef1e1e38e8ee71b7faaab6/sponge-mixin-0.17.0+mixin.0.8.7.jar Service=Knot/Fabric Env=CLIENT
[20:26:08] [main/INFO] (FabricLoader/Mixin) Loaded Fabric development mappings for mixin remapper!
[20:26:08] [main/INFO] (FabricLoader/Mixin) Compatibility level set to JAVA_17
[20:26:08] [main/INFO] (FabricLoader/Mixin) Compatibility level set to JAVA_21
[20:26:08] [main/WARN] (FabricLoader/Mixin) Reference map 'better_deco.refmap.json' for better_deco.mixins.json could not be read. If this is a development environment you can ignore this message
[20:26:09] [main/INFO] (FabricLoader/MixinExtras|Service) Initializing MixinExtras via com.llamalad7.mixinextras.service.MixinExtrasServiceImpl(version=0.5.3).
[20:26:10] [Datafixer Bootstrap/INFO] (Minecraft) 226 Datafixer optimizations took 403 milliseconds
[20:26:15] [main/INFO] (Minecraft) Completely ignored arguments: [nogui]
[20:26:16] [Render thread/INFO] (Minecraft) Environment: Environment[sessionHost=https://sessionserver.mojang.com, servicesHost=https://api.minecraftservices.com, name=PROD]
[20:26:16] [Render thread/INFO] (Minecraft) Setting user: Player347
[20:26:16] [Render thread/INFO] (Reflections) Reflections took 155 ms to scan 1 urls, producing 6 keys and 19 values
[20:26:17] [Render thread/ERROR] (Minecraft) No data fixer registered for seat_entity
[20:26:17] [Render thread/INFO] (Configured) Successfully loaded config provider: com.mrcrayfish.configured.impl.framework.FrameworkConfigProvider
[20:26:17] [Render thread/INFO] (Configured) Successfully loaded config provider: com.mrcrayfish.configured.impl.jei.JeiConfigProvider
[20:26:17] [Render thread/INFO] (Indigo) [Indigo] Registering Indigo renderer!
[20:26:17] [Render thread/INFO] (PluginCaller) Sending ConfigManager...
[20:26:17] [Render thread/INFO] (PluginCaller) Sending ConfigManager took 1.552 milliseconds
[20:26:18] [Render thread/INFO] (FabricDataGenHelper) Running data generator for better_deco
[20:26:18] [Render thread/INFO] (Minecraft) Starting provider: BetterDeco/Tags for minecraft:block
[20:26:18] [Render thread/INFO] (Minecraft) BetterDeco/Tags for minecraft:block finished after 282 ms
[20:26:18] [Render thread/INFO] (Minecraft) Starting provider: BetterDeco/Block States: better_deco
[20:26:18] [Render thread/INFO] (Minecraft) BetterDeco/Block States: better_deco finished after 9 ms
[20:26:18] [Render thread/INFO] (Minecraft) Starting provider: BetterDeco/Recipes
[20:26:18] [Render thread/INFO] (Minecraft) BetterDeco/Recipes finished after 101 ms
[20:26:18] [Render thread/INFO] (Minecraft) All providers took: 394 ms
[20:26:18] [Render thread/INFO] (Minecraft) Caching: total files: 347, old count: 347, new count: 348, removed stale: 0, written: 0
